<html>
<body>
<pre>
<h1>µVision Build Log</h1>
<h2>Tool Versions:</h2>
IDE-Version: µVision V5.26.2.0
Copyright (C) 2018 ARM Ltd and ARM Germany GmbH. All rights reserved.
License Information: Tran Van Huy, asdjk, LIC=ATT9U-SC54D-GI65Q-NCI2M-AKND5-G2BTR
 
Tool Versions:
Toolchain:       MDK-ARM Plus  Version: 5.26.2.0
Toolchain Path:  C:\Keil_v5\ARM\ARMCC\Bin
C Compiler:      Armcc.exe V5.06 update 6 (build 750)
Assembler:       Armasm.exe V5.06 update 6 (build 750)
Linker/Locator:  ArmLink.exe V5.06 update 6 (build 750)
Library Manager: ArmAr.exe V5.06 update 6 (build 750)
Hex Converter:   FromElf.exe V5.06 update 6 (build 750)
CPU DLL:         
Dialog DLL:      
Target DLL:      Segger\JL2CM3.dll V2.99.31.0
Dialog DLL:      TCM.DLL V1.36.1.0
 
<h2>Project:</h2>
C:\Users\huybk213\Desktop\Template\Project\Project.uvprojx
Project File Date:  10/12/2018

<h2>Output:</h2>
*** Using Compiler 'V5.06 update 6 (build 750)', folder: 'C:\Keil_v5\ARM\ARMCC\Bin'
Build target 'Project'
compiling utf.c...
compiling ble_advdata.c...
compiling boards.c...
compiling main.c...
compiling ble_srv_common.c...
compiling ble_conn_params.c...
compiling ble_conn_state.c...
compiling nrf_ble_qwr.c...
compiling ble_lbs.c...
compiling nrf_ble_gatt.c...
compiling nrf_drv_uart.c...
compiling nrfx_clock.c...
compiling nrf_drv_clock.c...
compiling nrfx_prs.c...
compiling nrfx_power_clock.c...
compiling nrfx_gpiote.c...
compiling nrfx_uart.c...
compiling nrfx_uarte.c...
compiling app_button.c...
compiling app_error.c...
compiling app_error_handler_keil.c...
compiling app_error_weak.c...
compiling app_util_platform.c...
compiling app_scheduler.c...
compiling app_timer.c...
compiling nrf_assert.c...
compiling hardfault_implementation.c...
compiling nrf_atfifo.c...
compiling nrf_atflags.c...
compiling nrf_atomic.c...
compiling nrf_balloc.c...
compiling nrf_fprintf.c...
compiling nrf_fprintf_format.c...
compiling nrf_memobj.c...
compiling nrf_ringbuf.c...
compiling nrf_section_iter.c...
compiling nrf_pwr_mgmt.c...
compiling nrf_log_backend_rtt.c...
compiling nrf_strerror.c...
compiling nrf_log_backend_serial.c...
compiling nrf_log_default_backends.c...
compiling nrf_log_backend_uart.c...
compiling nrf_log_frontend.c...
compiling nrf_log_str_formatter.c...
compiling SEGGER_RTT_Syscalls_KEIL.c...
compiling SEGGER_RTT.c...
compiling SEGGER_RTT_printf.c...
compiling nrf_sdh.c...
compiling nrf_sdh_soc.c...
compiling nrf_sdh_ble.c...
compiling system_nrf52.c...
linking...
Program Size: Code=26064 RO-data=3504 RW-data=248 ZI-data=10496  
FromELF: creating hex file...
".\Output\Output.axf" - 0 Error(s), 0 Warning(s).

<h2>Software Packages used:</h2>

Package Vendor: ARM
                http://www.keil.com/pack/ARM.CMSIS.4.5.0.pack
                ARM.CMSIS.4.5.0
                CMSIS (Cortex Microcontroller Software Interface Standard)
   * Component: CORE Version: 4.3.0

Package Vendor: NordicSemiconductor
                http://developer.nordicsemi.com/nRF5_SDK/pieces/nRF_DeviceFamilyPack/NordicSemiconductor.nRF_DeviceFamilyPack.8.17.0.pack
                NordicSemiconductor.nRF_DeviceFamilyPack.8.17.0
                Nordic Semiconductor nRF ARM devices Device Family Pack.
   * Component: Startup Version: 8.17.0

<h2>Collection of Component include folders:</h2>
  .\RTE\_Project
  C:\Keil_v5\ARM\PACK\ARM\CMSIS\4.5.0\CMSIS\Include
  C:\Keil_v5\ARM\PACK\NordicSemiconductor\nRF_DeviceFamilyPack\8.17.0\Device\Include

<h2>Collection of Component Files used:</h2>

   * Component: ARM::CMSIS:CORE:4.3.0

   * Component: NordicSemiconductor::Device:Startup:8.17.0
      Source file:   Device\Source\system_nrf52.c
      Include file:  Device\Include\system_nrf52.h
      Source file:   Device\Source\arm\arm_startup_nrf52.s
Build Time Elapsed:  00:00:28
</pre>
</body>
</html>
